DocId is empty, creating new document...
Document created with ID: dff19115-a380-480a-adce-fd34c9161378
Document snapshot received with rev:  0
Waiting for updates...
Stream Recv called
Error receiving data: rpc error: code = Unavailable desc = error reading from server: EOFWaiting for updates...
Stream Recv called
Error receiving data: rpc error: code = Unavailable desc = error reading from server: EOFWaiting for updates...
Stream Recv called
Error receiving data: rpc error: code = Unavailable desc = error reading from server: EOFWaiting for updates...
Stream Recv called
Error receiving data: rpc error: code = Unavailable desc = error reading from server: EOFWaiting for updates...
Stream Recv called
Error receiving data: rpc error: code = Unavailable desc = error reading from server: EOFWaiting for updates...
Stream Recv called
Error receiving data: rpc error: code = Unavailable desc = error reading from server: EOFWaiting for updates...
Stream Recv called
Error receiving data: rpc error: code = Unavailable desc = error reading from server: EOFWaiting for updates...
Stream Recv called
Error receiving data: rpc error: code = Unavailable desc = error reading from server: EOFWaiting for updates...
Stream Recv called
Error receiving data: rpc error: code = Unavailable desc = error reading from server: EOFWaiting for updates...
Stream Recv called
Error receiving data: rpc error: code = Unavailable desc = error reading from server: EOFWaiting for updates...
Stream Recv called
Error receiving data: rpc error: code = Unavailable desc = error reading from server: EOFWaiting for updates...
Stream Recv called
Error receiving data: rpc error: code = Unavailable desc = error reading from server: EOFWaiting for updates...
Stream Recv called
Error receiving data: rpc error: code = Unavailable desc = error reading from server: EOFWaiting for updates...
Stream Recv called
Error receiving data: rpc error: code = Unavailable desc = error reading from server: EOFWaiting for updates...
Stream Recv called
Error receiving data: rpc error: code = Unavailable desc = error reading from server: EOFWaiting for updates...
Stream Recv called
Error receiving data: rpc error: code = Unavailable desc = error reading from server: EOFWaiting for updates...
Stream Recv called
Error receiving data: rpc error: code = Unavailable desc = error reading from server: EOFWaiting for updates...
Stream Recv called
Error receiving data: rpc error: code = Unavailable desc = error reading from server: EOF